// Jest Snapshot v1, https://goo.gl/fbAQLP

exports[`login page display login page 1`] = `"<div><h1>Log in with Google</h1><button>Log in</button></div>"`;
